// Jest Snapshot v1, https://goo.gl/fbAQLP

exports[`should render ExpenseListItem with an expense 1`] = `
<div>
  <Link
    replace={false}
    to="/edit/1"
  >
    <p>
      <b>
        Description:
      </b>
       
      Pizza
    </p>
  </Link>
  <p>
    <b>
      Amount:
    </b>
     
    399000
  </p>
  <p>
    <b>
      Created At:
    </b>
     
    345600000
  </p>
</div>
`;
