// Jest Snapshot v1, https://goo.gl/fbAQLP

exports[`should render ExpenseListItem with an expense 1`] = `
<div>
  <Link
    replace={false}
    to="/edit/1"
  >
    <p>
      <b>
        Description:
      </b>
       
      Pizza
    </p>
  </Link>
  <p>
    <b>
      Amount:
    </b>
     €
    3,990
  </p>
  <p>
    <b>
      Created At:
    </b>
     
    5th January 1970
  </p>
</div>
`;
